[backblue.gif]
[fade.gif]
[index.html]
[code.ionicframework.com/ionicons/2.0.1/css/ionicons.min.css]
[premiumlayers.com/html/vcard2/images/avatar.png]
[premiumlayers.com/html/vcard2/js/jquery-1.11.0.min.js]
[premiumlayers.com/html/vcard2/js/bootstrap.min.js]
[premiumlayers.com/html/vcard2/js/counter.js]
[premiumlayers.com/html/vcard2/js/jquery.prettyPhoto.js]
[premiumlayers.com/html/vcard2/js/main.js]
[premiumlayers.com/html/vcard2/index04b9.html]
[code.ionicframework.com/ionicons/2.0.1/css/ionicons.min.css]
[premiumlayers.com/html/vcard2/css/animate.css]
[premiumlayers.com/html/vcard2/fonts/glyphicons-halflings-regular.eot]
[premiumlayers.com/html/vcard2/fonts/glyphicons-halflings-regulard41d.eot]
[premiumlayers.com/html/vcard2/fonts/glyphicons-halflings-regular.woff2]
[premiumlayers.com/html/vcard2/fonts/glyphicons-halflings-regular.woff]
[premiumlayers.com/html/vcard2/fonts/glyphicons-halflings-regular.ttf]
[premiumlayers.com/html/vcard2/css/bootstrap.min.css]
[premiumlayers.com/html/vcard2/fonts/fontawesome-webfont93e3.eot]
[premiumlayers.com/html/vcard2/fonts/fontawesome-webfontd41d.eot]
[premiumlayers.com/html/vcard2/fonts/fontawesome-webfont93e3.woff2]
[premiumlayers.com/html/vcard2/fonts/fontawesome-webfont93e3.woff]
[premiumlayers.com/html/vcard2/fonts/fontawesome-webfont93e3.ttf]
[premiumlayers.com/html/vcard2/css/font-awesome.min.css]
[premiumlayers.com/html/vcard2/images/prettyPhoto/default/sprite.png]
[premiumlayers.com/html/vcard2/images/prettyPhoto/default/sprite_x.png]
[premiumlayers.com/html/vcard2/images/prettyPhoto/default/sprite_y.png]
[premiumlayers.com/html/vcard2/images/prettyPhoto/default/sprite_next.png]
[premiumlayers.com/html/vcard2/images/prettyPhoto/default/sprite_prev.png]
[premiumlayers.com/html/vcard2/images/prettyPhoto/default/default_thumb.png]
[premiumlayers.com/html/vcard2/images/prettyPhoto/default/loader.gif]
[premiumlayers.com/html/vcard2/images/prettyPhoto/light_rounded/sprite.png]
[premiumlayers.com/html/vcard2/images/prettyPhoto/light_rounded/btnNext.png]
[premiumlayers.com/html/vcard2/images/prettyPhoto/light_rounded/btnPrevious.png]
[premiumlayers.com/html/vcard2/images/prettyPhoto/dark_rounded/sprite.png]
[premiumlayers.com/html/vcard2/images/prettyPhoto/dark_rounded/contentPattern.png]
[premiumlayers.com/html/vcard2/images/prettyPhoto/dark_rounded/btnNext.png]
[premiumlayers.com/html/vcard2/images/prettyPhoto/dark_rounded/btnPrevious.png]
[premiumlayers.com/html/vcard2/images/prettyPhoto/dark_rounded/loader.gif]
[premiumlayers.com/html/vcard2/images/prettyPhoto/dark_square/loader.gif]
[premiumlayers.com/html/vcard2/images/prettyPhoto/dark_square/sprite.png]
[premiumlayers.com/html/vcard2/images/prettyPhoto/dark_square/btnNext.png]
[premiumlayers.com/html/vcard2/images/prettyPhoto/dark_square/btnPrevious.png]
[premiumlayers.com/html/vcard2/images/prettyPhoto/light_square/sprite.png]
[premiumlayers.com/html/vcard2/images/prettyPhoto/light_square/btnNext.png]
[premiumlayers.com/html/vcard2/images/prettyPhoto/light_square/btnPrevious.png]
[premiumlayers.com/html/vcard2/images/prettyPhoto/facebook/sprite.png]
[premiumlayers.com/html/vcard2/images/prettyPhoto/facebook/contentPatternTop.png]
[premiumlayers.com/html/vcard2/images/prettyPhoto/facebook/contentPatternLeft.png]
[premiumlayers.com/html/vcard2/images/prettyPhoto/facebook/contentPatternRight.png]
[premiumlayers.com/html/vcard2/images/prettyPhoto/facebook/loader.gif]
[premiumlayers.com/html/vcard2/images/prettyPhoto/facebook/btnNext.png]
[premiumlayers.com/html/vcard2/images/prettyPhoto/facebook/btnPrevious.png]
[premiumlayers.com/html/vcard2/images/prettyPhoto/facebook/contentPatternBottom.png]
[premiumlayers.com/html/vcard2/images/prettyPhoto/facebook/default_thumbnail.gif]
[premiumlayers.com/html/vcard2/images/prettyPhoto/light_rounded/loader.gif]
[premiumlayers.com/html/vcard2/css/main.css]
[premiumlayers.com/html/vcard2/images/bg/bg.jpg]
[premiumlayers.com/html/vcard2/css/style.css]
[premiumlayers.com/html/vcard2/css/responsive.css]
[premiumlayers.com/html/vcard2/index.html]
[premiumlayers.com/html/vcard2/images/avatar-small.png]
[premiumlayers.com/html/vcard2/resume.html]
[premiumlayers.com/html/vcard2/images/img-1.jpg]
[premiumlayers.com/html/vcard2/images/img-8.jpg]
[premiumlayers.com/html/vcard2/images/img-2.jpg]
[premiumlayers.com/html/vcard2/images/img-3.jpg]
[premiumlayers.com/html/vcard2/images/img-4.jpg]
[premiumlayers.com/html/vcard2/images/img-5.jpg]
[premiumlayers.com/html/vcard2/images/img-6.jpg]
[premiumlayers.com/html/vcard2/images/img-7.jpg]
[premiumlayers.com/html/vcard2/images/img-9.jpg]
[premiumlayers.com/html/vcard2/images/img-10.jpg]
[premiumlayers.com/html/vcard2/images/img-11.jpg]
[premiumlayers.com/html/vcard2/images/img-12.jpg]
[premiumlayers.com/html/vcard2/portfolio.html]
[premiumlayers.com/html/vcard2/images/blog-img-1.jpg]
[premiumlayers.com/html/vcard2/images/blog-avatar-1.png]
[premiumlayers.com/html/vcard2/images/blog-img-2.jpg]
[premiumlayers.com/html/vcard2/images/blog-avatar-2.png]
[premiumlayers.com/html/vcard2/images/blog-img-3.jpg]
[premiumlayers.com/html/vcard2/images/blog-avatar-3.png]
[premiumlayers.com/html/vcard2/blog.html]
[premiumlayers.com/html/vcard2/contact.html]
[premiumlayers.com/html/vcard2/fonts/glyphicons-halflings-regular.svg]
[premiumlayers.com/html/vcard2/fonts/fontawesome-webfont93e3.svg]
[premiumlayers.com/html/vcard2/images/cd-icon-close.svg]
[premiumlayers.com/html/vcard2/images/bg/testi-bg.html]
[premiumlayers.com/html/vcard2/images/bg/testi-bg-2.html]
[premiumlayers.com/html/vcard2/images/img-13.jpg]
[premiumlayers.com/html/vcard2/portfolio-detail.html]
[premiumlayers.com/html/vcard2/images/b-avatar-1.jpg]
[premiumlayers.com/html/vcard2/images/b-avatar-2.jpg]
[premiumlayers.com/html/vcard2/images/b-avatar-3.jpg]
[premiumlayers.com/html/vcard2/blog-single.html]
